// Jest Snapshot v1, https://goo.gl/fbAQLP

exports[`Button Component renders correctly 1`] = `
<button
  className="btn"
  disabled={false}
  onClick={[MockFunction]}
  type="submit"
>
  test
</button>
`;
