// Jest Snapshot v1, https://goo.gl/fbAQLP

exports[`input Component renders correctly 1`] = `
<div
  className="input-div"
>
  <label />
  <input
    className="input"
    onChange={[MockFunction]}
    required={true}
    step="any"
  />
</div>
`;
